---
source: tests/linting_conformance.rs
expression: diagnostics
---
[
    LintDiagnostic {
        code: "missing-id",
        severity: Warning,
        message: "Action is missing a UUID. Use 'Hydrate Action' to add one.",
        range: SourceRange {
            start_row: 1,
            start_col: 0,
            end_row: 1,
            end_col: 43,
        },
    },
    LintDiagnostic {
        code: "E016",
        severity: Error,
        message: "Completion date cannot be before creation date (E016).",
        range: SourceRange {
            start_row: 1,
            start_col: 32,
            end_row: 1,
            end_col: 43,
        },
    },
    LintDiagnostic {
        code: "missing-id",
        severity: Warning,
        message: "Action is missing a UUID. Use 'Hydrate Action' to add one.",
        range: SourceRange {
            start_row: 2,
            start_col: 0,
            end_row: 2,
            end_col: 52,
        },
    },
    LintDiagnostic {
        code: "E015",
        severity: Error,
        message: "Creation date cannot be in the future (E015).",
        range: SourceRange {
            start_row: 2,
            start_col: 17,
            end_row: 2,
            end_col: 34,
        },
    },
    LintDiagnostic {
        code: "E016",
        severity: Error,
        message: "Completion date cannot be before creation date (E016).",
        range: SourceRange {
            start_row: 2,
            start_col: 35,
            end_row: 2,
            end_col: 52,
        },
    },
    LintDiagnostic {
        code: "missing-id",
        severity: Warning,
        message: "Action is missing a UUID. Use 'Hydrate Action' to add one.",
        range: SourceRange {
            start_row: 3,
            start_col: 0,
            end_row: 3,
            end_col: 52,
        },
    },
    LintDiagnostic {
        code: "E015",
        severity: Error,
        message: "Creation date cannot be in the future (E015).",
        range: SourceRange {
            start_row: 3,
            start_col: 29,
            end_row: 3,
            end_col: 40,
        },
    },
    LintDiagnostic {
        code: "E016",
        severity: Error,
        message: "Completion date cannot be before creation date (E016).",
        range: SourceRange {
            start_row: 3,
            start_col: 41,
            end_row: 3,
            end_col: 52,
        },
    },
]
