---
source: tests/snapshots_from_examples.rs
expression: actions
---
[
  Action(
    id: "[uuid]",
    state: completed,
    name: "Parent task",
    createdDate: Some("2026-01-04T22:27:53.797420257-08:00"),
  ),
  Action(
    id: "[uuid]",
    parent_id: "[uuid]",
    state: not_started,
    name: "Child task one",
    createdDate: Some("2026-01-04T22:27:53.797441233-08:00"),
  ),
  Action(
    id: "[uuid]",
    parent_id: "[uuid]",
    state: not_started,
    name: "Grandchild task",
    createdDate: Some("2026-01-04T22:27:53.797457071-08:00"),
  ),
  Action(
    id: "[uuid]",
    parent_id: "[uuid]",
    state: not_started,
    name: "Child task two",
    createdDate: Some("2026-01-04T22:27:53.797464425-08:00"),
  ),
]
