---
source: tests/snapshots_from_examples.rs
assertion_line: 19
expression: actions
---
[
  Action(
    id: "[uuid]",
    state: not_started,
    name: "Take out trash",
    doDateTime: Some("2025-01-21T19:00:00-08:00"),
    recurrence: Some(Recurrence(
      frequency: "weekly",
      by_day: Some([
        "TU",
      ]),
    )),
  ),
  Action(
    id: "[uuid]",
    state: not_started,
    name: "Daily standup",
    doDateTime: Some("2025-01-20T09:00:00-08:00"),
    doDuration: Some(15),
    recurrence: Some(Recurrence(
      frequency: "daily",
      by_day: Some([
        "MO",
        "TU",
        "WE",
        "TH",
        "FR",
      ]),
    )),
  ),
  Action(
    id: "[uuid]",
    state: not_started,
    name: "Monthly rent",
    doDateTime: Some("2025-02-01T00:00:00-08:00"),
    recurrence: Some(Recurrence(
      frequency: "monthly",
      by_month_day: Some([
        1,
      ]),
    )),
  ),
  Action(
    id: "[uuid]",
    state: not_started,
    name: "Quarterly review",
    doDateTime: Some("2025-04-01T00:00:00-07:00"),
    recurrence: Some(Recurrence(
      frequency: "monthly",
      interval: Some(3),
      count: Some(4),
      by_month_day: Some([
        1,
      ]),
    )),
  ),
  Action(
    id: "[uuid]",
    state: not_started,
    name: "Birthday reminder",
    doDateTime: Some("2025-06-15T00:00:00-07:00"),
    recurrence: Some(Recurrence(
      frequency: "yearly",
    )),
  ),
  Action(
    id: "[uuid]",
    state: not_started,
    name: "Biweekly newsletter",
    doDateTime: Some("2025-01-20T10:00:00-08:00"),
    recurrence: Some(Recurrence(
      frequency: "weekly",
      interval: Some(2),
      by_day: Some([
        "MO",
      ]),
    )),
  ),
  Action(
    id: "[uuid]",
    state: not_started,
    name: "First Monday of month meeting",
    doDateTime: Some("2025-02-03T10:00:00-08:00"),
    doDuration: Some(60),
    recurrence: Some(Recurrence(
      frequency: "monthly",
      by_day: Some([
        "1MO",
      ]),
    )),
  ),
  Action(
    id: "[uuid]",
    state: not_started,
    name: "Last Friday social",
    doDateTime: Some("2025-01-31T17:00:00-08:00"),
    recurrence: Some(Recurrence(
      frequency: "monthly",
      by_day: Some([
        "-1FR",
      ]),
    )),
  ),
  Action(
    id: "[uuid]",
    state: not_started,
    name: "Weekday medication",
    doDateTime: Some("2025-01-20T08:00:00-08:00"),
    recurrence: Some(Recurrence(
      frequency: "daily",
      until: Some("2025-12-31"),
      by_day: Some([
        "MO",
        "TU",
        "WE",
        "TH",
        "FR",
      ]),
    )),
  ),
  Action(
    id: "[uuid]",
    state: not_started,
    name: "Water plants",
    doDateTime: Some("2025-01-20T00:00:00-08:00"),
    recurrence: Some(Recurrence(
      frequency: "daily",
      interval: Some(3),
    )),
  ),
]
