---
source: tests/snapshots_from_examples.rs
expression: actions
---
[
  Action(
    id: "[uuid]",
    state: not_started,
    name: "Task with empty context",
    contexts: Some([
      "",
    ]),
    createdDate: "[timestamp]",
  ),
  Action(
    id: "[uuid]",
    state: not_started,
    name: "Task with empty in middle",
    contexts: Some([
      "work",
      "",
      "home",
    ]),
    createdDate: "[timestamp]",
  ),
  Action(
    id: "[uuid]",
    state: not_started,
    name: "Multiple empties",
    contexts: Some([
      "errands",
    ]),
    createdDate: "[timestamp]",
  ),
  Action(
    id: "[uuid]",
    state: not_started,
    name: "Task with whitespace context",
    contexts: Some([
      "",
    ]),
    createdDate: "[timestamp]",
  ),
  Action(
    id: "[uuid]",
    state: not_started,
    name: "Task with trailing comma",
    contexts: Some([
      "work",
      "",
    ]),
    createdDate: "[timestamp]",
  ),
]
