---
source: tests/snapshots_from_examples.rs
expression: actions
---
[
  Action(
    id: "[uuid]",
    state: completed,
    name: "Mega Action",
    description: Some("descriptions"),
    priority: Some(1),
    contexts: Some([
      "test_context",
      "another-context",
    ]),
    doDateTime: Some("2019-01-01T00:01:00-08:00"),
    doDuration: Some(120),
    completedDate: Some("2019-03-01T02:01:00-08:00"),
    createdDate: "[timestamp]",
    story: Some("Test Story"),
  ),
  Action(
    id: "[uuid]",
    parent_id: "[uuid]",
    state: not_started,
    name: "child action",
    createdDate: "[timestamp]",
  ),
  Action(
    id: "[uuid]",
    parent_id: "[uuid]",
    state: not_started,
    name: "grandchild action",
    createdDate: "[timestamp]",
  ),
  Action(
    id: "[uuid]",
    parent_id: "[uuid]",
    state: not_started,
    name: "great grandchild action",
    createdDate: "[timestamp]",
  ),
  Action(
    id: "[uuid]",
    parent_id: "[uuid]",
    state: not_started,
    name: "double-great grandchild action",
    createdDate: "[timestamp]",
  ),
  Action(
    id: "[uuid]",
    parent_id: "[uuid]",
    state: not_started,
    name: "Leaf action",
    createdDate: "[timestamp]",
  ),
  Action(
    id: "[uuid]",
    state: not_started,
    name: "Action with predecessor",
    createdDate: "[timestamp]",
    predecessors: Some([
      PredecessorRef(
        raw_ref: "[predecessor_ref]",
      ),
    ]),
  ),
]
