---
source: tests/snapshots_from_examples.rs
expression: actions
---
[
  Action(
    id: "[uuid]",
    state: completed,
    name: "Daily medication",
    doDateTime: Some("2019-01-01T00:01:00-08:00"),
    doDuration: Some(120),
    recurrence: Some(Recurrence(
      frequency: "daily",
    )),
    createdDate: Some("2026-01-04T22:27:53.787429306-08:00"),
  ),
]
